Reply was 'STATUS=S,When=1506788540,Code=7,Msg=3 Pool(s),Description=bmminer 1.0.0|POOL=0,URL=stratum+tcp://stratum.antpool.com:3333,Status=Alive,Priority=0,Quota=1,Long Poll=N,Getworks=16,Accepted=138,Rejected=7,Discarded=193,Stale=3,Get Failures=2,Remote Failures=1,User=paterminer.am8255,Last Share Time=0:00:08,Diff=32.8K,Diff1 Shares=0,Proxy Type=,Proxy=,Difficulty Accepted=1368064.00000000,Difficulty Rejected=143360.00000000,Difficulty Stale=0.00000000,Last Share Difficulty=32768.00000000,Has Stratum=true,Stratum Active=true,Stratum URL=stratum.antpool.com,Has GBT=false,Best Share=11860383,Pool Rejected%=9.4851,Pool Stale%=0.0000|POOL=1,URL=stratum+tcp://stratum.antpool.com:443,Status=Alive,Priority=1,Quota=1,Long Poll=N,Getworks=4,Accepted=0,Rejected=0,Discarded=0,Stale=0,Get Failures=0,Remote Failures=0,User=paterminer.am8255,Last Share Time=0,Diff=,Diff1 Shares=0,Proxy Type=,Proxy=,Difficulty Accepted=0.00000000,Difficulty Rejected=0.00000000,Difficulty Stale=0.00000000,Last Share Difficulty=0.00000000,Has Stratum=true,Stratum Active=false,Stratum URL=,Has GBT=false,Best Share=0,Pool Rejected%=0.0000,Pool Stale%=0.0000|POOL=2,URL=stratum+tcp://stratum.antpool.com:25,Status=Alive,Priority=2,Quota=1,Long Poll=N,Getworks=4,Accepted=0,Rejected=0,Discarded=0,Stale=0,Get Failures=0,Remote Failures=0,User=paterminer.am8255,Last Share Time=0,Diff=,Diff1 Shares=0,Proxy Type=,Proxy=,Difficulty Accepted=0.00000000,Difficulty Rejected=0.00000000,Difficulty Stale=0.00000000,Last Share Difficulty=0.00000000,Has Stratum=true,Stratum Active=false,Stratum URL=,Has GBT=false,Best Share=0,Pool Rejected%=0.0000,Pool Stale%=0.0000|'
[STATUS] =>
(
   [STATUS] => S
   [When] => 1506788540
   [Code] => 7
   [Msg] => 3 Pool(s)
   [Description] => bmminer 1.0.0
)
[POOL0] =>
(
   [POOL] => 0
   [URL] => stratum+tcp://stratum.antpool.com:3333
   [Status] => Alive
   [Priority] => 0
   [Quota] => 1
   [Long Poll] => N
   [Getworks] => 16
   [Accepted] => 138
   [Rejected] => 7
   [Discarded] => 193
   [Stale] => 3
   [Get Failures] => 2
   [Remote Failures] => 1
   [User] => paterminer.am8255
   [Last Share Time] => 0:00:08
   [Diff] => 32.8K
   [Diff1 Shares] => 0
   [Proxy Type] => 
   [Proxy] => 
   [Difficulty Accepted] => 1368064.00000000
   [Difficulty Rejected] => 143360.00000000
   [Difficulty Stale] => 0.00000000
   [Last Share Difficulty] => 32768.00000000
   [Has Stratum] => true
   [Stratum Active] => true
   [Stratum URL] => stratum.antpool.com
   [Has GBT] => false
   [Best Share] => 11860383
   [Pool Rejected%] => 9.4851
   [Pool Stale%] => 0.0000
)
[POOL1] =>
(
   [POOL] => 1
   [URL] => stratum+tcp://stratum.antpool.com:443
   [Status] => Alive
   [Priority] => 1
   [Quota] => 1
   [Long Poll] => N
   [Getworks] => 4
   [Accepted] => 0
   [Rejected] => 0
   [Discarded] => 0
   [Stale] => 0
   [Get Failures] => 0
   [Remote Failures] => 0
   [User] => paterminer.am8255
   [Last Share Time] => 0
   [Diff] => 
   [Diff1 Shares] => 0
   [Proxy Type] => 
   [Proxy] => 
   [Difficulty Accepted] => 0.00000000
   [Difficulty Rejected] => 0.00000000
   [Difficulty Stale] => 0.00000000
   [Last Share Difficulty] => 0.00000000
   [Has Stratum] => true
   [Stratum Active] => false
   [Stratum URL] => 
   [Has GBT] => false
   [Best Share] => 0
   [Pool Rejected%] => 0.0000
   [Pool Stale%] => 0.0000
)
[POOL2] =>
(
   [POOL] => 2
   [URL] => stratum+tcp://stratum.antpool.com:25
   [Status] => Alive
   [Priority] => 2
   [Quota] => 1
   [Long Poll] => N
   [Getworks] => 4
   [Accepted] => 0
   [Rejected] => 0
   [Discarded] => 0
   [Stale] => 0
   [Get Failures] => 0
   [Remote Failures] => 0
   [User] => paterminer.am8255
   [Last Share Time] => 0
   [Diff] => 
   [Diff1 Shares] => 0
   [Proxy Type] => 
   [Proxy] => 
   [Difficulty Accepted] => 0.00000000
   [Difficulty Rejected] => 0.00000000
   [Difficulty Stale] => 0.00000000
   [Last Share Difficulty] => 0.00000000
   [Has Stratum] => true
   [Stratum Active] => false
   [Stratum URL] => 
   [Has GBT] => false
   [Best Share] => 0
   [Pool Rejected%] => 0.0000
   [Pool Stale%] => 0.0000
)